user_action.py: Amount is added.
new_courses.py: The new course is successfully added
test3.py: The test3 is successfully passed.
new_courses.py: The new course is successfully added
test3.py: The test3 is successfully passed.
new_courses.py: The new course is successfully added
test3.py: The test3 is successfully passed.
user_action.py: Amount is added.
test2.py: The test2 is successfully passed.
new_courses.py: The new course is successfully added
test3.py: The test3 is successfully passed.
new_courses.py: The new course is successfully added
test3.py: The test3 is successfully passed.
user_action.py: Amount is added.
test2.py: The test2 is successfully passed.
